../Core/Src/main.c:77:5:_write	24	static
../Core/Src/main.c:88:5:main	8	static
../Core/Src/main.c:147:6:SystemClock_Config	88	static
../Core/Src/main.c:188:13:MX_DAC1_Init	56	static
../Core/Src/main.c:235:13:MX_I2C1_Init	8	static
../Core/Src/main.c:283:13:MX_LPUART1_UART_Init	8	static
../Core/Src/main.c:330:13:MX_TIM2_Init	40	static
../Core/Src/main.c:375:13:MX_GPIO_Init	40	static
../Core/Src/main.c:401:6:HAL_TIM_PeriodElapsedCallback	48	static
../Core/Src/main.c:424:6:Error_Handler	4	static,ignoring_inline_asm
