../Core/Src/main.c:75:5:_write	24	static
../Core/Src/main.c:85:5:main	8	static
../Core/Src/main.c:150:6:SystemClock_Config	88	static
../Core/Src/main.c:197:13:MX_DAC1_Init	56	static
../Core/Src/main.c:244:13:MX_I2C1_Init	8	static
../Core/Src/main.c:292:13:MX_LPUART1_UART_Init	8	static
../Core/Src/main.c:339:13:MX_TIM2_Init	40	static
../Core/Src/main.c:384:13:MX_GPIO_Init	40	static
../Core/Src/main.c:410:6:HAL_TIM_PeriodElapsedCallback	48	static
../Core/Src/main.c:433:6:Error_Handler	4	static,ignoring_inline_asm
