../Core/Src/main.c:108:5:main	88	static
../Core/Src/main.c:185:6:SystemClock_Config	88	static
../Core/Src/main.c:231:13:MX_DAC_Init	16	static
../Core/Src/main.c:271:13:MX_I2C1_Init	8	static
../Core/Src/main.c:305:13:MX_I2S3_Init	8	static
../Core/Src/main.c:339:13:MX_TIM2_Init	32	static
../Core/Src/main.c:382:13:MX_DMA_Init	16	static
../Core/Src/main.c:400:13:MX_GPIO_Init	48	static
../Core/Src/main.c:431:6:HAL_TIM_PeriodElapsedCallback	24	static
../Core/Src/main.c:580:6:Error_Handler	4	static,ignoring_inline_asm
