../Core/Src/main.c:29:5:main	8	static
../Core/Src/main.c:64:6:SystemClock_Config	112	static
../Core/Src/main.c:113:13:MX_I2C1_Init	8	static
../Core/Src/main.c:151:13:MX_LPUART1_UART_Init	8	static
../Core/Src/main.c:171:13:MX_GPIO_Init	48	static
../Core/Src/main.c:206:6:HAL_GPIO_EXTI_Callback	16	static
../Core/Src/main.c:227:6:HAL_TIM_PeriodElapsedCallback	48	static
../Core/Src/main.c:248:13:MX_TIM2_Init	32	static
../Core/Src/main.c:281:13:MX_TIM21_Init	32	static
../Core/Src/main.c:315:6:Error_Handler	8	static,ignoring_inline_asm
