../Core/Src/main.c:76:5:_write	24	static
../Core/Src/main.c:86:5:main	16	static
../Core/Src/main.c:220:6:SystemClock_Config	88	static
../Core/Src/main.c:267:13:MX_DAC1_Init	56	static
../Core/Src/main.c:314:13:MX_I2C1_Init	8	static
../Core/Src/main.c:362:13:MX_LPUART1_UART_Init	8	static
../Core/Src/main.c:409:13:MX_TIM1_Init	40	static
../Core/Src/main.c:456:13:MX_TIM2_Init	40	static
../Core/Src/main.c:501:13:MX_GPIO_Init	40	static
../Core/Src/main.c:527:6:HAL_TIM_PeriodElapsedCallback	48	static
../Core/Src/main.c:551:6:Error_Handler	4	static,ignoring_inline_asm
