18:35:19 **** Incremental Build of configuration Debug for project firmware_temp ****
make -j12 all 
arm-none-eabi-gcc "../Core/Src/main.c" -mcpu=cortex-m4 -std=gnu11 -g3 -DDEBUG -DUSE_HAL_DRIVER -DSTM32G441xx -c -I../Core/Inc -I../Drivers/STM32G4xx_HAL_Driver/Inc -I../Drivers/STM32G4xx_HAL_Driver/Inc/Legacy -I../Drivers/CMSIS/Device/ST/STM32G4xx/Include -I../Drivers/CMSIS/Include -O0 -ffunction-sections -fdata-sections -Wall -fstack-usage -fcyclomatic-complexity -MMD -MP -MF"Core/Src/main.d" -MT"Core/Src/main.o" --specs=nano.specs -mfpu=fpv4-sp-d16 -mfloat-abi=hard -mthumb -o "Core/Src/main.o"
../Core/Src/main.c: In function 'main':
../Core/Src/main.c:150:12: warning: implicit declaration of function 'accelerometer_read'; did you mean 'accelerometer_write'? [-Wimplicit-function-declaration]
  150 |   status = accelerometer_read(&xl_r, WHO_AM_I, &status_mlc1);
      |            ^~~~~~~~~~~~~~~~~~
      |            accelerometer_write
../Core/Src/main.c:145:12: warning: unused variable 'timer_val' [-Wunused-variable]
  145 |   uint16_t timer_val;
      |            ^~~~~~~~~
../Core/Src/main.c: In function 'HAL_TIM_PeriodElapsedCallback':
../Core/Src/main.c:636:20: warning: format '%d' expects argument of type 'int', but argument 2 has type 'uint32_t' {aka 'long unsigned int'} [-Wformat=]
  636 |           printf("%d\r\n",myDacVal);
      |                   ~^      ~~~~~~~~
      |                    |      |
      |                    int    uint32_t {aka long unsigned int}
      |                   %ld
../Core/Src/main.c:609:11: warning: unused variable 'msg' [-Wunused-variable]
  609 |   uint8_t msg[25] = "test\n";
      |           ^~~
arm-none-eabi-gcc -o "firmware_temp.elf" @"objects.list"   -mcpu=cortex-m4 -T"C:\Users\eboyer2\395\firmware_with_directions_sound\STM32G441KBTX_FLASH.ld" --specs=nosys.specs -Wl,-Map="firmware_temp.map" -Wl,--gc-sections -static --specs=nano.specs -mfpu=fpv4-sp-d16 -mfloat-abi=hard -mthumb -Wl,--start-group -lc -lm -Wl,--end-group
Finished building target: firmware_temp.elf
 
arm-none-eabi-size   firmware_temp.elf 
arm-none-eabi-objdump -h -S  firmware_temp.elf  > "firmware_temp.list"
   text	   data	    bss	    dec	    hex	filename
  30076	    192	   2408	  32676	   7fa4	firmware_temp.elf
Finished building: default.size.stdout
 
Finished building: firmware_temp.list
 
18:35:27 **** Incremental Build of configuration Debug for project firmware_temp ****
make -j12 all 
arm-none-eabi-size   firmware_temp.elf 
   text	   data	    bss	    dec	    hex	filename
  30076	    192	   2408	  32676	   7fa4	firmware_temp.elf
Finished building: default.size.stdout
 
